// Vitest Snapshot v1, https://vitest.dev/guide/snapshot.html

exports[`error key setting in array 1`] = `[Error: Only supports setting array indices and the 'length' property.]`;

exports[`error key setting in array 2`] = `[Error: Only supports setting array indices and the 'length' property.]`;

exports[`error key setting in array 3`] = `[Error: Only supports setting array indices and the 'length' property.]`;

exports[`error key setting in array 4`] = `[Error: Only supports setting array indices and the 'length' property.]`;
