// Vitest Snapshot v1, https://vitest.dev/guide/snapshot.html

exports[`check array options error 1`] = `[Error: Only supports setting array indices and the 'length' property.]`;

exports[`check array options error 2`] = `[Error: Only supports setting array indices and the 'length' property.]`;

exports[`check array options error 3`] = `[Error: Only supports setting array indices and the 'length' property.]`;

exports[`check array options error 4`] = `[Error: Only supports setting array indices and the 'length' property.]`;

exports[`check array options error 5`] = `[Error: Only supports setting array indices and the 'length' property.]`;

exports[`check array options error 6`] = `[Error: Only supports setting array indices and the 'length' property.]`;

exports[`check array options error 7`] = `[Error: Only supports setting array indices and the 'length' property.]`;

exports[`check array options error 8`] = `[Error: Only supports setting array indices and the 'length' property.]`;
